// Jest Snapshot v1, https://goo.gl/fbAQLP

exports[`components/blocksEditor/blockContent should match snapshot 1`] = `
<div>
  <div
    class="BlockContent   "
    data-testid="block-content"
    style="opacity: 1;"
  >
    <span
      class="action"
      data-testid="add-action"
    >
      <i
        class="CompassIcon icon-plus AddIcon"
      />
    </span>
    <span
      class="action"
      draggable="true"
    >
      <svg
        class="GripIcon Icon"
        viewBox="0 0 24 24"
        xmlns="http://www.w3.org/2000/svg"
      >
        <path
          d="M0 0h24v24H0V0z"
          fill="none"
        />
        <path
          d="M11 18c0 1.1-.9 2-2 2s-2-.9-2-2 .9-2 2-2 2 .9 2 2zm-2-8c-1.1 0-2 .9-2 2s.9 2 2 2 2-.9 2-2-.9-2-2-2zm0-6c-1.1 0-2 .9-2 2s.9 2 2 2 2-.9 2-2-.9-2-2-2zm6 4c1.1 0 2-.9 2-2s-.9-2-2-2-2 .9-2 2 .9 2 2 2zm0 2c-1.1 0-2 .9-2 2s.9 2 2 2 2-.9 2-2-.9-2-2-2zm0 6c-1.1 0-2 .9-2 2s.9 2 2 2 2-.9 2-2-.9-2-2-2z"
        />
      </svg>
    </span>
    <div
      class="content"
    >
      <div>
        <h1
          id="title"
        >
          Title
        </h1>
      </div>
    </div>
  </div>
</div>
`;

exports[`components/blocksEditor/blockContent should match snapshot editing 1`] = `
<div>
  <div
    class="Editor"
  >
    <input
      class="H1"
      data-testid="h1"
      value="Title"
    />
  </div>
</div>
`;
