// Jest Snapshot v1, https://goo.gl/fbAQLP

exports[`components/content/TextElement return a textElement 1`] = `
<div>
  <div
    class="MarkdownEditor octo-editor  "
  >
    <div
      class="octo-editor-preview octo-placeholder"
      data-testid="preview-element"
    />
  </div>
</div>
`;
