// Jest Snapshot v1, https://goo.gl/fbAQLP

exports[`components/blocksEditor/blocks/text should match Display snapshot 1`] = `
<div>
  <div
    class="octo-editor-preview"
  >
    <p>
      test-value
    </p>
  </div>
</div>
`;

exports[`components/blocksEditor/blocks/text should match Input snapshot 1`] = `
<div>
  <div
    class="TextContent"
    data-testid="text"
  >
    <div
      class="MarkdownEditor octo-editor  active"
    >
      <div
        class="MarkdownEditorInput"
      >
        <div
          class="DraftEditor-root"
        >
          <div
            class="DraftEditor-editorContainer"
          >
            <div
              aria-autocomplete="list"
              aria-expanded="false"
              class="notranslate public-DraftEditor-content"
              contenteditable="true"
              role="combobox"
              spellcheck="false"
              style="outline: none; user-select: text; white-space: pre-wrap; word-wrap: break-word;"
            >
              <div
                data-contents="true"
              >
                <div
                  class=""
                  data-block="true"
                  data-editor="123"
                  data-offset-key="123-0-0"
                >
                  <div
                    class="public-DraftStyleDefault-block public-DraftStyleDefault-ltr"
                    data-offset-key="123-0-0"
                  >
                    <span
                      data-offset-key="123-0-0"
                    >
                      <span
                        data-text="true"
                      >
                        test-value
                      </span>
                    </span>
                  </div>
                </div>
              </div>
            </div>
          </div>
        </div>
      </div>
    </div>
  </div>
</div>
`;
