// Jest Snapshot v1, https://goo.gl/fbAQLP

exports[`components/blocksEditor/blocks/h1 should match Display snapshot 1`] = `
<div>
  <div>
    <h1
      id="test-value"
    >
      test-value
    </h1>
  </div>
</div>
`;

exports[`components/blocksEditor/blocks/h1 should match Input snapshot 1`] = `
<div>
  <input
    class="H1"
    data-testid="h1"
    value="test-value"
  />
</div>
`;
