// Jest Snapshot v1, https://goo.gl/fbAQLP

exports[`components/table/TableHeaderMenu should match snapshot, title column 1`] = `
<div>
  <div
    class="octo-table-cell header-cell"
    draggable="true"
    style="overflow: unset; opacity: 1; width: 100px;"
  >
    <div
      aria-label="menuwrapper"
      class="MenuWrapper"
      role="button"
    >
      <span
        class="Label empty "
      >
        my Name
      </span>
    </div>
    <div
      class="octo-spacer"
    />
    <div
      class="HorizontalGrip"
    />
  </div>
</div>
`;
