// Jest Snapshot v1, https://goo.gl/fbAQLP

exports[`components/createCategory/CreateCategory base case should match snapshot 1`] = `
<div>
  <div
    class="Dialog dialog-back CreateCategoryModal size--medium"
  >
    <div
      class="backdrop"
    />
    <div
      class="wrapper"
    >
      <div
        class="dialog"
        role="dialog"
      >
        <div
          class="toolbar"
        >
          <div>
            <h1
              class="dialog-title"
            >
              <span>
                title
              </span>
            </h1>
          </div>
          <div
            class="toolbar--right"
          >
            <button
              aria-label="Close dialog"
              class="IconButton dialog__close size--medium"
              title="Close dialog"
              type="button"
            >
              <i
                class="CompassIcon icon-close CloseIcon"
              />
            </button>
          </div>
        </div>
        <div
          class="CreateCategory"
        >
          <div
            class="inputWrapper"
          >
            <input
              class="categoryNameInput"
              maxlength="100"
              placeholder="Name your category"
              type="text"
              value=""
            />
          </div>
          <div
            class="createCategoryActions"
          >
            <button
              class="Button danger size--medium"
              type="button"
            >
              <span>
                Cancel
              </span>
            </button>
            <button
              class="Button size--medium"
              disabled=""
              type="button"
            >
              <span>
                Create
              </span>
            </button>
          </div>
        </div>
      </div>
    </div>
  </div>
</div>
`;
