// Jest Snapshot v1, https://goo.gl/fbAQLP

exports[`src/components/shareBoard/shareBoardLoginButton should match snapshot 1`] = `
<div>
  <div
    class="ShareBoardLoginButton"
  >
    <button
      class="Button emphasis--primary size--medium"
      title="Login"
      type="button"
    >
      <span>
        Login
      </span>
    </button>
  </div>
</div>
`;
