// Jest Snapshot v1, https://goo.gl/fbAQLP

exports[`components/viewHeader/viewHeaderActionsMenu return menu 1`] = `
<div>
  <div
    class="ModalWrapper"
  >
    <div
      aria-label="View header menu"
      class="MenuWrapper override menuOpened"
      role="button"
    >
      <button
        class="IconButton"
        type="button"
      >
        <i
          class="CompassIcon icon-dots-horizontal OptionsIcon"
        />
      </button>
      <div
        class="Menu noselect left "
      >
        <div
          class="menu-contents"
        >
          <div
            class="menu-options"
          >
            <div>
              <div
                aria-label="Export to CSV"
                class="MenuOption TextOption menu-option"
                role="button"
              >
                <div
                  class="d-flex"
                >
                  <div
                    class="noicon"
                  />
                </div>
                <div
                  class="menu-option__content"
                >
                  <div
                    class="menu-name"
                  >
                    Export to CSV
                  </div>
                </div>
                <div
                  class="noicon"
                />
              </div>
            </div>
            <div>
              <div
                aria-label="Export board archive"
                class="MenuOption TextOption menu-option"
                role="button"
              >
                <div
                  class="d-flex"
                >
                  <div
                    class="noicon"
                  />
                </div>
                <div
                  class="menu-option__content"
                >
                  <div
                    class="menu-name"
                  >
                    Export board archive
                  </div>
                </div>
                <div
                  class="noicon"
                />
              </div>
            </div>
          </div>
          <div
            class="menu-spacer hideOnWidescreen"
          />
          <div
            class="menu-options hideOnWidescreen"
          >
            <div
              aria-label="Cancel"
              class="MenuOption TextOption menu-option menu-cancel"
              role="button"
            >
              <div
                class="d-flex"
              >
                <div
                  class="noicon"
                />
              </div>
              <div
                class="menu-option__content"
              >
                <div
                  class="menu-name"
                >
                  Cancel
                </div>
              </div>
              <div
                class="noicon"
              />
            </div>
          </div>
        </div>
      </div>
    </div>
  </div>
</div>
`;

exports[`components/viewHeader/viewHeaderActionsMenu return menu and verify call to board archive 1`] = `
<div>
  <div
    class="ModalWrapper"
  >
    <div
      aria-label="View header menu"
      class="MenuWrapper override menuOpened"
      role="button"
    >
      <button
        class="IconButton"
        type="button"
      >
        <i
          class="CompassIcon icon-dots-horizontal OptionsIcon"
        />
      </button>
      <div
        class="Menu noselect left "
      >
        <div
          class="menu-contents"
        >
          <div
            class="menu-options"
          >
            <div>
              <div
                aria-label="Export to CSV"
                class="MenuOption TextOption menu-option"
                role="button"
              >
                <div
                  class="d-flex"
                >
                  <div
                    class="noicon"
                  />
                </div>
                <div
                  class="menu-option__content"
                >
                  <div
                    class="menu-name"
                  >
                    Export to CSV
                  </div>
                </div>
                <div
                  class="noicon"
                />
              </div>
            </div>
            <div>
              <div
                aria-label="Export board archive"
                class="MenuOption TextOption menu-option"
                role="button"
              >
                <div
                  class="d-flex"
                >
                  <div
                    class="noicon"
                  />
                </div>
                <div
                  class="menu-option__content"
                >
                  <div
                    class="menu-name"
                  >
                    Export board archive
                  </div>
                </div>
                <div
                  class="noicon"
                />
              </div>
            </div>
          </div>
          <div
            class="menu-spacer hideOnWidescreen"
          />
          <div
            class="menu-options hideOnWidescreen"
          >
            <div
              aria-label="Cancel"
              class="MenuOption TextOption menu-option menu-cancel"
              role="button"
            >
              <div
                class="d-flex"
              >
                <div
                  class="noicon"
                />
              </div>
              <div
                class="menu-option__content"
              >
                <div
                  class="menu-name"
                >
                  Cancel
                </div>
              </div>
              <div
                class="noicon"
              />
            </div>
          </div>
        </div>
      </div>
    </div>
  </div>
</div>
`;

exports[`components/viewHeader/viewHeaderActionsMenu return menu and verify call to csv exporter 1`] = `
<div>
  <div
    class="ModalWrapper"
  >
    <div
      aria-label="View header menu"
      class="MenuWrapper override menuOpened"
      role="button"
    >
      <button
        class="IconButton"
        type="button"
      >
        <i
          class="CompassIcon icon-dots-horizontal OptionsIcon"
        />
      </button>
      <div
        class="Menu noselect left "
      >
        <div
          class="menu-contents"
        >
          <div
            class="menu-options"
          >
            <div>
              <div
                aria-label="Export to CSV"
                class="MenuOption TextOption menu-option"
                role="button"
              >
                <div
                  class="d-flex"
                >
                  <div
                    class="noicon"
                  />
                </div>
                <div
                  class="menu-option__content"
                >
                  <div
                    class="menu-name"
                  >
                    Export to CSV
                  </div>
                </div>
                <div
                  class="noicon"
                />
              </div>
            </div>
            <div>
              <div
                aria-label="Export board archive"
                class="MenuOption TextOption menu-option"
                role="button"
              >
                <div
                  class="d-flex"
                >
                  <div
                    class="noicon"
                  />
                </div>
                <div
                  class="menu-option__content"
                >
                  <div
                    class="menu-name"
                  >
                    Export board archive
                  </div>
                </div>
                <div
                  class="noicon"
                />
              </div>
            </div>
          </div>
          <div
            class="menu-spacer hideOnWidescreen"
          />
          <div
            class="menu-options hideOnWidescreen"
          >
            <div
              aria-label="Cancel"
              class="MenuOption TextOption menu-option menu-cancel"
              role="button"
            >
              <div
                class="d-flex"
              >
                <div
                  class="noicon"
                />
              </div>
              <div
                class="menu-option__content"
              >
                <div
                  class="menu-name"
                >
                  Cancel
                </div>
              </div>
              <div
                class="noicon"
              />
            </div>
          </div>
        </div>
      </div>
    </div>
  </div>
</div>
`;
