// Jest Snapshot v1, https://goo.gl/fbAQLP

exports[`properties/updatedTime should match snapshot 1`] = `
<div>
  <div
    class="UpdatedTime octo-propertyvalue octo-propertyvalue--readonly"
  >
    June 15, 2021, 4:22 PM
  </div>
</div>
`;
