// Jest Snapshot v1, https://goo.gl/fbAQLP

exports[`widgets/guestBadge should match the snapshot on show 1`] = `
<div>
  <div
    class="GuestBadge"
  >
    <div
      class="GuestBadge__box"
    >
      Guest
    </div>
  </div>
</div>
`;
